********************
Platform: M680X_HD6301
Code: 0x6B 0x10 0x00 0x71 0x10 0x00 0x72 0x10 0x10 0x39 
Disasm:
0x1000: 6B1000     tim   #16;0,x
	op_count: 2
		operands[0].type: IMMEDIATE = #16
			size: 1
			access: READ
		operands[1].type: INDEXED
			base register: x
			offset: 0
			offset bits: 8
			size: 1
			access: READ
	Registers read: cc x
	Registers modified: cc

0x1003: 711000     aim   #16,$00
	op_count: 2
		operands[0].type: IMMEDIATE = #16
			size: 1
			access: READ
		operands[1].type: DIRECT = 0x00
			size: 1
			access: READ | WRITE
	Registers read: cc
	Registers modified: cc

0x1006: 721010     oim   #16,$10
	op_count: 2
		operands[0].type: IMMEDIATE = #16
			size: 1
			access: READ
		operands[1].type: DIRECT = 0x10
			size: 1
			access: READ | WRITE
	Registers read: cc
	Registers modified: cc

0x1009: 39         rts   
	Registers read: s
	Registers modified: s pc
	groups_count: 1

********************
Platform: M680X_HD6309
Code: 0x01 0x10 0x10 0x62 0x10 0x10 0x7B 0x10 0x10 0x00 0xCD 0x49 0x96 0x02 0xD2 0x10 0x30 0x23 0x10 0x38 0x10 0x3B 0x10 0x53 0x10 0x5D 0x11 0x30 0x43 0x10 0x11 0x37 0x25 0x10 0x11 0x38 0x12 0x11 0x39 0x23 0x11 0x3B 0x34 0x11 0x8E 0x10 0x00 0x11 0xAF 0x10 0x11 0xAB 0x10 0x11 0xF6 0x80 0x00 
Disasm:
0x1000: 011010     oim   #16,$10
	op_count: 2
		operands[0].type: IMMEDIATE = #16
			size: 1
			access: READ
		operands[1].type: DIRECT = 0x10
			size: 1
			access: READ | WRITE
	Registers read: cc
	Registers modified: cc

0x1003: 621010     aim   #16;-16,x
	op_count: 2
		operands[0].type: IMMEDIATE = #16
			size: 1
			access: READ
		operands[1].type: INDEXED
			base register: x
			offset: -16
			offset bits: 5
			size: 1
			access: READ | WRITE
	Registers read: cc x
	Registers modified: cc

0x1006: 7B101000   tim   #16,$1000
	op_count: 2
		operands[0].type: IMMEDIATE = #16
			size: 1
			access: READ
		operands[1].type: EXTENDED  = 0x1000
			size: 1
			access: READ
	Registers read: cc
	Registers modified: cc

0x100A: CD499602D2 ldq   #1234567890
	op_count: 2
		operands[0].type: REGISTER = q (in mnemonic)
			size: 4
			access: WRITE
		operands[1].type: IMMEDIATE = #1234567890
			size: 4
			access: READ
	Registers read: cc
	Registers modified: cc q

0x100F: 103023     addr  y,u
	op_count: 2
		operands[0].type: REGISTER = y
			size: 2
			access: READ
		operands[1].type: REGISTER = u
			size: 2
			access: READ | WRITE
	Registers read: cc y u
	Registers modified: cc u

0x1012: 1038       pshsw 
	op_count: 2
		operands[0].type: REGISTER = s (in mnemonic)
			size: 2
			access: READ | WRITE
		operands[1].type: REGISTER = w (in mnemonic)
			size: 2
			access: READ
	Registers read: s w
	Registers modified: s

0x1014: 103B       puluw 
	op_count: 2
		operands[0].type: REGISTER = u (in mnemonic)
			size: 2
			access: READ | WRITE
		operands[1].type: REGISTER = w (in mnemonic)
			size: 2
			access: WRITE
	Registers read: u
	Registers modified: u w

0x1016: 1053       comw  
	op_count: 1
		operands[0].type: REGISTER = w (in mnemonic)
			size: 2
			access: READ | WRITE
	Registers read: cc w
	Registers modified: cc w

0x1018: 105D       tstw  
	op_count: 1
		operands[0].type: REGISTER = w (in mnemonic)
			size: 2
			access: READ
	Registers read: cc w
	Registers modified: cc

0x101A: 11304310   band  a,0,3,$10
	op_count: 4
		operands[0].type: REGISTER = a
			size: 1
			access: READ | WRITE
		operands[1].type: CONSTANT = 0
			access: READ
		operands[2].type: CONSTANT = 3
			access: READ
		operands[3].type: DIRECT = 0x10
			size: 1
			access: READ
	Registers read: a
	Registers modified: a

0x101E: 11372510   stbt  cc,4,5,$10
	op_count: 4
		operands[0].type: REGISTER = cc
			size: 1
			access: READ
		operands[1].type: CONSTANT = 4
			access: READ
		operands[2].type: CONSTANT = 5
			access: READ
		operands[3].type: DIRECT = 0x10
			size: 1
			access: READ | WRITE
	Registers read: cc

0x1022: 113812     tfm   x+,y+
	op_count: 2
		operands[0].type: INDEXED
			base register: x
			post increment: 1
			size: 1
			access: READ
		operands[1].type: INDEXED
			base register: y
			post increment: 1
			size: 1
			access: WRITE
	Registers read: w x y
	Registers modified: w x y

0x1025: 113923     tfm   y-,u-
	op_count: 2
		operands[0].type: INDEXED
			base register: y
			post decrement: 1
			size: 1
			access: READ
		operands[1].type: INDEXED
			base register: u
			post decrement: 1
			size: 1
			access: WRITE
	Registers read: w y u
	Registers modified: w y u

0x1028: 113B34     tfm   u,s+
	op_count: 2
		operands[0].type: INDEXED
			base register: u
			size: 1
			access: READ
		operands[1].type: INDEXED
			base register: s
			post increment: 1
			size: 1
			access: WRITE
	Registers read: w u s
	Registers modified: w s

0x102B: 118E1000   divq  #4096
	op_count: 2
		operands[0].type: REGISTER = q (in mnemonic)
			size: 4
			access: READ | WRITE
		operands[1].type: IMMEDIATE = #4096
			size: 2
			access: READ
	Registers read: cc q
	Registers modified: cc q

0x102F: 11AF10     muld  -16,x
	op_count: 2
		operands[0].type: REGISTER = d (in mnemonic)
			size: 2
			access: READ | WRITE
		operands[1].type: INDEXED
			base register: x
			offset: -16
			offset bits: 5
			size: 2
			access: READ
	Registers read: cc d x
	Registers modified: cc d w

0x1032: 11AB10     adde  -16,x
	op_count: 2
		operands[0].type: REGISTER = e (in mnemonic)
			size: 1
			access: READ | WRITE
		operands[1].type: INDEXED
			base register: x
			offset: -16
			offset bits: 5
			size: 1
			access: READ
	Registers read: cc e x
	Registers modified: cc e

0x1035: 11F68000   ldf   $8000
	op_count: 2
		operands[0].type: REGISTER = f (in mnemonic)
			size: 1
			access: WRITE
		operands[1].type: EXTENDED  = 0x8000
			size: 1
			access: READ
	Registers read: cc
	Registers modified: cc f

********************
Platform: M680X_M6800
Code: 0x01 0x09 0x36 0x64 0x7F 0x74 0x10 0x00 0x90 0x10 0xA4 0x10 0xB6 0x10 0x00 0x39 
Disasm:
0x1000: 01         nop   

0x1001: 09         dex   
	op_count: 1
		operands[0].type: REGISTER = x (in mnemonic)
			size: 2
			access: READ | WRITE
	Registers read: cc x
	Registers modified: cc x

0x1002: 36         psha  
	op_count: 1
		operands[0].type: REGISTER = a (in mnemonic)
			size: 1
			access: READ
	Registers read: a s
	Registers modified: s

0x1003: 647F       lsr   127,x
	op_count: 1
		operands[0].type: INDEXED
			base register: x
			offset: 127
			offset bits: 8
			size: 1
			access: READ | WRITE
	Registers read: cc x
	Registers modified: cc

0x1005: 741000     lsr   $1000
	op_count: 1
		operands[0].type: EXTENDED  = 0x1000
			size: 1
			access: READ | WRITE
	Registers read: cc
	Registers modified: cc

0x1008: 9010       suba  $10
	op_count: 2
		operands[0].type: REGISTER = a (in mnemonic)
			size: 1
			access: READ | WRITE
		operands[1].type: DIRECT = 0x10
			size: 1
			access: READ
	Registers read: cc a
	Registers modified: cc a

0x100A: A410       anda  16,x
	op_count: 2
		operands[0].type: REGISTER = a (in mnemonic)
			size: 1
			access: READ | WRITE
		operands[1].type: INDEXED
			base register: x
			offset: 16
			offset bits: 8
			size: 1
			access: READ
	Registers read: cc a x
	Registers modified: cc a

0x100C: B61000     ldaa  $1000
	op_count: 2
		operands[0].type: REGISTER = a (in mnemonic)
			size: 1
			access: WRITE
		operands[1].type: EXTENDED  = 0x1000
			size: 1
			access: READ
	Registers read: cc
	Registers modified: cc a

0x100F: 39         rts   
	Registers read: s
	Registers modified: s pc
	groups_count: 1

********************
Platform: M680X_M6801
Code: 0x04 0x05 0x3C 0x3D 0x38 0x93 0x10 0xEC 0x10 0xED 0x10 0x39 
Disasm:
0x1000: 04         lsrd  
	op_count: 1
		operands[0].type: REGISTER = d (in mnemonic)
			size: 2
			access: READ | WRITE
	Registers read: cc d
	Registers modified: cc d

0x1001: 05         asld  
	op_count: 1
		operands[0].type: REGISTER = d (in mnemonic)
			size: 2
			access: READ | WRITE
	Registers read: cc d
	Registers modified: cc d

0x1002: 3C         pshx  
	op_count: 1
		operands[0].type: REGISTER = x (in mnemonic)
			size: 2
			access: READ
	Registers read: x s
	Registers modified: s

0x1003: 3D         mul   
	Registers read: cc a b
	Registers modified: cc a b

0x1004: 38         pulx  
	op_count: 1
		operands[0].type: REGISTER = x (in mnemonic)
			size: 2
			access: WRITE
	Registers read: s
	Registers modified: x s

0x1005: 9310       subd  $10
	op_count: 2
		operands[0].type: REGISTER = d (in mnemonic)
			size: 2
			access: READ | WRITE
		operands[1].type: DIRECT = 0x10
			size: 2
			access: READ
	Registers read: cc d
	Registers modified: cc d

0x1007: EC10       ldd   16,x
	op_count: 2
		operands[0].type: REGISTER = d (in mnemonic)
			size: 2
			access: WRITE
		operands[1].type: INDEXED
			base register: x
			offset: 16
			offset bits: 8
			size: 2
			access: READ
	Registers read: cc x
	Registers modified: cc d

0x1009: ED10       std   16,x
	op_count: 2
		operands[0].type: REGISTER = d (in mnemonic)
			size: 2
			access: READ
		operands[1].type: INDEXED
			base register: x
			offset: 16
			offset bits: 8
			size: 2
			access: WRITE
	Registers read: cc d x
	Registers modified: cc

0x100B: 39         rts   
	Registers read: s
	Registers modified: s pc
	groups_count: 1

********************
Platform: M680X_M68HC05
Code: 0x04 0x7F 0x00 0x17 0x22 0x28 0x00 0x2E 0x00 0x40 0x42 0x5A 0x70 0x8E 0x97 0x9C 0xA0 0x15 0xAD 0x00 0xC3 0x10 0x00 0xDA 0x12 0x34 0xE5 0x7F 0xFE 
Disasm:
0x1000: 047F00     brset 2,$7F,$1003
	op_count: 3
		operands[0].type: CONSTANT = 2
			access: READ
		operands[1].type: DIRECT = 0x7F
			size: 1
			access: READ
		operands[2].type: RELATIVE = 0x1003
	Registers read: cc
	Registers modified: cc
	groups_count: 2

0x1003: 1722       bset  3,$22
	op_count: 2
		operands[0].type: CONSTANT = 3
			access: READ
		operands[1].type: DIRECT = 0x22
			size: 1
			access: READ | WRITE

0x1005: 2800       bhcc  $1007
	op_count: 1
		operands[0].type: RELATIVE = 0x1007
	Registers read: cc
	groups_count: 2

0x1007: 2E00       bil   $1009
	op_count: 1
		operands[0].type: RELATIVE = 0x1009
	Registers read: cc
	groups_count: 2

0x1009: 40         nega  
	op_count: 1
		operands[0].type: REGISTER = a (in mnemonic)
			size: 1
			access: READ | WRITE
	Registers read: cc a
	Registers modified: cc a

0x100A: 42         mul   
	Registers read: cc a x
	Registers modified: cc a x

0x100B: 5A         decx  
	op_count: 1
		operands[0].type: REGISTER = x (in mnemonic)
			size: 1
			access: READ | WRITE
	Registers read: cc x
	Registers modified: cc x

0x100C: 70         neg   ,x
	op_count: 1
		operands[0].type: INDEXED
			base register: x
			size: 1
			access: READ | WRITE
	Registers read: cc x
	Registers modified: cc

0x100D: 8E         stop  

0x100E: 97         tax   
	op_count: 2
		operands[0].type: REGISTER = a (in mnemonic)
			size: 1
			access: READ
		operands[1].type: REGISTER = x (in mnemonic)
			size: 1
			access: WRITE
	Registers read: a
	Registers modified: x

0x100F: 9C         rsp   
	op_count: 1
		operands[0].type: REGISTER = s (in mnemonic)
			size: 2
			access: WRITE
	Registers modified: s

0x1010: A015       sub   #21
	op_count: 2
		operands[0].type: REGISTER = a (in mnemonic)
			size: 1
			access: READ | WRITE
		operands[1].type: IMMEDIATE = #21
			size: 1
			access: READ
	Registers read: cc a
	Registers modified: cc a

0x1012: AD00       bsr   $1014
	op_count: 1
		operands[0].type: RELATIVE = 0x1014
	Registers read: s
	Registers modified: s
	groups_count: 2

0x1014: C31000     cpx   $1000
	op_count: 2
		operands[0].type: REGISTER = x (in mnemonic)
			size: 1
			access: READ
		operands[1].type: EXTENDED  = 0x1000
			size: 1
			access: READ
	Registers read: cc x
	Registers modified: cc

0x1017: DA1234     ora   4660,x
	op_count: 2
		operands[0].type: REGISTER = a (in mnemonic)
			size: 1
			access: READ | WRITE
		operands[1].type: INDEXED
			base register: x
			offset: 4660
			offset bits: 16
			size: 1
			access: READ
	Registers read: cc a x
	Registers modified: cc a

0x101A: E57F       bit   127,x
	op_count: 2
		operands[0].type: REGISTER = a (in mnemonic)
			size: 1
			access: READ
		operands[1].type: INDEXED
			base register: x
			offset: 127
			offset bits: 8
			size: 1
			access: READ
	Registers read: cc a x
	Registers modified: cc

0x101C: FE         ldx   ,x
	op_count: 2
		operands[0].type: REGISTER = x (in mnemonic)
			size: 1
			access: WRITE
		operands[1].type: INDEXED
			base register: x
			size: 1
			access: READ
	Registers read: cc x
	Registers modified: cc x

********************
Platform: M680X_M68HC08
Code: 0x31 0x22 0x00 0x35 0x22 0x45 0x10 0x00 0x4B 0x00 0x51 0x10 0x52 0x5E 0x22 0x62 0x65 0x12 0x34 0x72 0x84 0x85 0x86 0x87 0x8A 0x8B 0x8C 0x94 0x95 0xA7 0x10 0xAF 0x10 0x9E 0x60 0x7F 0x9E 0x6B 0x7F 0x00 0x9E 0xD6 0x10 0x00 0x9E 0xE6 0x7F 
Disasm:
0x1000: 312200     cbeq  $22,$1003
	op_count: 3
		operands[0].type: REGISTER = a (in mnemonic)
			size: 1
			access: READ
		operands[1].type: DIRECT = 0x22
			size: 1
			access: READ
		operands[2].type: RELATIVE = 0x1003
	Registers read: cc a
	groups_count: 2

0x1003: 3522       sthx  $22
	op_count: 2
		operands[0].type: REGISTER = hx (in mnemonic)
			size: 2
			access: READ
		operands[1].type: DIRECT = 0x22
			size: 2
			access: WRITE
	Registers read: cc hx
	Registers modified: cc

0x1005: 451000     ldhx  #4096
	op_count: 2
		operands[0].type: REGISTER = hx (in mnemonic)
			size: 2
			access: WRITE
		operands[1].type: IMMEDIATE = #4096
			size: 2
			access: READ
	Registers read: cc
	Registers modified: cc hx

0x1008: 4B00       dbnza $100A
	op_count: 2
		operands[0].type: REGISTER = a (in mnemonic)
			size: 1
			access: READ | WRITE
		operands[1].type: RELATIVE = 0x100A
	Registers read: cc a
	Registers modified: a
	groups_count: 2

0x100A: 511052     cbeqx #16,$105F
	op_count: 3
		operands[0].type: REGISTER = x (in mnemonic)
			size: 1
			access: READ
		operands[1].type: IMMEDIATE = #16
			size: 1
			access: READ
		operands[2].type: RELATIVE = 0x105F
	Registers read: cc x
	groups_count: 2

0x100D: 5E22       mov   $22;x+
	op_count: 2
		operands[0].type: DIRECT = 0x22
			size: 1
			access: READ
		operands[1].type: INDEXED
			base register: x
			post increment: 1
			size: 1
			access: WRITE
	Registers read: cc x h
	Registers modified: cc x h

0x100F: 62         nsa   
	op_count: 1
		operands[0].type: REGISTER = a (in mnemonic)
			size: 1
			access: READ | WRITE
	Registers read: cc a
	Registers modified: cc a

0x1010: 651234     cphx  #4660
	op_count: 2
		operands[0].type: REGISTER = hx (in mnemonic)
			size: 2
			access: READ
		operands[1].type: IMMEDIATE = #4660
			size: 2
			access: READ
	Registers read: cc hx
	Registers modified: cc

0x1013: 72         daa   
	Registers read: cc a
	Registers modified: cc a

0x1014: 84         tap   
	op_count: 2
		operands[0].type: REGISTER = a (in mnemonic)
			size: 1
			access: READ
		operands[1].type: REGISTER = cc (in mnemonic)
			size: 1
			access: WRITE
	Registers read: a
	Registers modified: cc

0x1015: 85         tpa   
	op_count: 2
		operands[0].type: REGISTER = cc (in mnemonic)
			size: 1
			access: READ
		operands[1].type: REGISTER = a (in mnemonic)
			size: 1
			access: WRITE
	Registers read: cc
	Registers modified: a

0x1016: 86         pula  
	op_count: 1
		operands[0].type: REGISTER = a (in mnemonic)
			size: 1
			access: WRITE
	Registers read: s
	Registers modified: a s

0x1017: 87         psha  
	op_count: 1
		operands[0].type: REGISTER = a (in mnemonic)
			size: 1
			access: READ
	Registers read: a s
	Registers modified: s

0x1018: 8A         pulh  
	op_count: 1
		operands[0].type: REGISTER = h (in mnemonic)
			size: 1
			access: WRITE
	Registers read: s
	Registers modified: h s

0x1019: 8B         pshh  
	op_count: 1
		operands[0].type: REGISTER = h (in mnemonic)
			size: 1
			access: READ
	Registers read: h s
	Registers modified: s

0x101A: 8C         clrh  
	op_count: 1
		operands[0].type: REGISTER = h (in mnemonic)
			size: 1
			access: WRITE
	Registers read: cc
	Registers modified: cc h

0x101B: 94         txs   
	op_count: 2
		operands[0].type: REGISTER = hx (in mnemonic)
			size: 2
			access: READ
		operands[1].type: REGISTER = s (in mnemonic)
			size: 2
			access: WRITE
	Registers read: hx
	Registers modified: s

0x101C: 95         tsx   
	op_count: 2
		operands[0].type: REGISTER = s (in mnemonic)
			size: 2
			access: READ
		operands[1].type: REGISTER = hx (in mnemonic)
			size: 2
			access: WRITE
	Registers read: s
	Registers modified: hx

0x101D: A710       ais   #16
	op_count: 2
		operands[0].type: REGISTER = s (in mnemonic)
			size: 2
			access: READ | WRITE
		operands[1].type: IMMEDIATE = #16
			size: 1
			access: READ
	Registers read: s
	Registers modified: s

0x101F: AF10       aix   #16
	op_count: 2
		operands[0].type: REGISTER = hx (in mnemonic)
			size: 2
			access: READ | WRITE
		operands[1].type: IMMEDIATE = #16
			size: 1
			access: READ
	Registers read: hx
	Registers modified: hx

0x1021: 9E607F     neg   127,s
	op_count: 1
		operands[0].type: INDEXED
			base register: s
			offset: 127
			offset bits: 8
			size: 1
			access: READ | WRITE
	Registers read: cc s
	Registers modified: cc

0x1024: 9E6B7F00   dbnz  127,s;$1028
	op_count: 2
		operands[0].type: INDEXED
			base register: s
			offset: 127
			offset bits: 8
			size: 1
			access: READ | WRITE
		operands[1].type: RELATIVE = 0x1028
	Registers read: cc s
	groups_count: 2

0x1028: 9ED61000   lda   4096,s
	op_count: 2
		operands[0].type: REGISTER = a (in mnemonic)
			size: 1
			access: WRITE
		operands[1].type: INDEXED
			base register: s
			offset: 4096
			offset bits: 16
			size: 1
			access: READ
	Registers read: cc s
	Registers modified: cc a

0x102C: 9EE67F     lda   127,s
	op_count: 2
		operands[0].type: REGISTER = a (in mnemonic)
			size: 1
			access: WRITE
		operands[1].type: INDEXED
			base register: s
			offset: 127
			offset bits: 8
			size: 1
			access: READ
	Registers read: cc s
	Registers modified: cc a

********************
Platform: M680X_M6809
Code: 0x06 0x10 0x19 0x1A 0x55 0x1E 0x01 0x23 0xE9 0x31 0x06 0x34 0x55 0xA6 0x81 0xA7 0x89 0x7F 0xFF 0xA6 0x9D 0x10 0x00 0xA7 0x91 0xA6 0x9F 0x10 0x00 0x11 0xAC 0x99 0x10 0x00 0x39 0xA6 0x07 0xA6 0x27 0xA6 0x47 0xA6 0x67 0xA6 0x0F 0xA6 0x10 0xA6 0x80 0xA6 0x81 0xA6 0x82 0xA6 0x83 0xA6 0x84 0xA6 0x85 0xA6 0x86 0xA6 0x88 0x7F 0xA6 0x88 0x80 0xA6 0x89 0x7F 0xFF 0xA6 0x89 0x80 0x00 0xA6 0x8B 0xA6 0x8C 0x10 0xA6 0x8D 0x10 0x00 0xA6 0x91 0xA6 0x93 0xA6 0x94 0xA6 0x95 0xA6 0x96 0xA6 0x98 0x7F 0xA6 0x98 0x80 0xA6 0x99 0x7F 0xFF 0xA6 0x99 0x80 0x00 0xA6 0x9B 0xA6 0x9C 0x10 0xA6 0x9D 0x10 0x00 0xA6 0x9F 0x10 0x00 
Disasm:
0x1000: 0610       ror   $10
	op_count: 1
		operands[0].type: DIRECT = 0x10
			size: 1
			access: READ | WRITE
	Registers read: cc
	Registers modified: cc

0x1002: 19         daa   
	Registers read: cc a
	Registers modified: cc a

0x1003: 1A55       orcc  #85
	op_count: 2
		operands[0].type: REGISTER = cc (in mnemonic)
			size: 1
			access: READ | WRITE
		operands[1].type: IMMEDIATE = #85
			size: 1
			access: READ
	Registers read: cc
	Registers modified: cc

0x1005: 1E01       exg   d,x
	op_count: 2
		operands[0].type: REGISTER = d
			size: 2
			access: READ | WRITE
		operands[1].type: REGISTER = x
			size: 2
			access: READ | WRITE
	Registers read: d x
	Registers modified: d x

0x1007: 23E9       bls   $0FF2
	op_count: 1
		operands[0].type: RELATIVE = 0x0FF2
	Registers read: cc
	groups_count: 2

0x1009: 3106       leay  6,x
	op_count: 2
		operands[0].type: REGISTER = y (in mnemonic)
			size: 2
			access: WRITE
		operands[1].type: INDEXED
			base register: x
			offset: 6
			offset bits: 5
			size: 2
			access: READ
	Registers read: cc x
	Registers modified: cc y

0x100B: 3455       pshs  cc,b,x,u
	op_count: 5
		operands[0].type: REGISTER = s (in mnemonic)
			size: 2
			access: READ | WRITE
		operands[1].type: REGISTER = cc
			size: 1
			access: READ
		operands[2].type: REGISTER = b
			size: 1
			access: READ
		operands[3].type: REGISTER = x
			size: 2
			access: READ
		operands[4].type: REGISTER = u
			size: 2
			access: READ
	Registers read: s cc b x u
	Registers modified: s

0x100D: A681       lda   ,x++
	op_count: 2
		operands[0].type: REGISTER = a (in mnemonic)
			size: 1
			access: WRITE
		operands[1].type: INDEXED
			base register: x
			post increment: 2
			size: 1
			access: READ
	Registers read: cc x
	Registers modified: cc a x

0x100F: A7897FFF   sta   32767,x
	op_count: 2
		operands[0].type: REGISTER = a (in mnemonic)
			size: 1
			access: READ
		operands[1].type: INDEXED
			base register: x
			offset: 32767
			offset bits: 16
			size: 1
			access: WRITE
	Registers read: cc a x
	Registers modified: cc

0x1013: A69D1000   lda   [$2017,pcR]
	op_count: 2
		operands[0].type: REGISTER = a (in mnemonic)
			size: 1
			access: WRITE
		operands[1].type: INDEXED INDIRECT
			base register: pc
			offset: 4096
			offset address: 0x2017
			offset bits: 16
			size: 1
			access: READ
	Registers read: cc pc
	Registers modified: cc a

0x1017: A791       sta   [,x++]
	op_count: 2
		operands[0].type: REGISTER = a (in mnemonic)
			size: 1
			access: READ
		operands[1].type: INDEXED INDIRECT
			base register: x
			post increment: 2
			size: 1
			access: WRITE
	Registers read: cc a x
	Registers modified: cc x

0x1019: A69F1000   lda   [$1000]
	op_count: 2
		operands[0].type: REGISTER = a (in mnemonic)
			size: 1
			access: WRITE
		operands[1].type: EXTENDED INDIRECT = 0x1000
			size: 1
			access: READ
	Registers read: cc
	Registers modified: cc a

0x101D: 11AC991000 cmps  [4096,x]
	op_count: 2
		operands[0].type: REGISTER = s (in mnemonic)
			size: 2
			access: READ
		operands[1].type: INDEXED INDIRECT
			base register: x
			offset: 4096
			offset bits: 16
			size: 2
			access: READ
	Registers read: cc s x
	Registers modified: cc

0x1022: 39         rts   
	Registers read: s
	Registers modified: s pc
	groups_count: 1

0x1023: A607       lda   7,x
	op_count: 2
		operands[0].type: REGISTER = a (in mnemonic)
			size: 1
			access: WRITE
		operands[1].type: INDEXED
			base register: x
			offset: 7
			offset bits: 5
			size: 1
			access: READ
	Registers read: cc x
	Registers modified: cc a

0x1025: A627       lda   7,y
	op_count: 2
		operands[0].type: REGISTER = a (in mnemonic)
			size: 1
			access: WRITE
		operands[1].type: INDEXED
			base register: y
			offset: 7
			offset bits: 5
			size: 1
			access: READ
	Registers read: cc y
	Registers modified: cc a

0x1027: A647       lda   7,u
	op_count: 2
		operands[0].type: REGISTER = a (in mnemonic)
			size: 1
			access: WRITE
		operands[1].type: INDEXED
			base register: u
			offset: 7
			offset bits: 5
			size: 1
			access: READ
	Registers read: cc u
	Registers modified: cc a

0x1029: A667       lda   7,s
	op_count: 2
		operands[0].type: REGISTER = a (in mnemonic)
			size: 1
			access: WRITE
		operands[1].type: INDEXED
			base register: s
			offset: 7
			offset bits: 5
			size: 1
			access: READ
	Registers read: cc s
	Registers modified: cc a

0x102B: A60F       lda   15,x
	op_count: 2
		operands[0].type: REGISTER = a (in mnemonic)
			size: 1
			access: WRITE
		operands[1].type: INDEXED
			base register: x
			offset: 15
			offset bits: 5
			size: 1
			access: READ
	Registers read: cc x
	Registers modified: cc a

0x102D: A610       lda   -16,x
	op_count: 2
		operands[0].type: REGISTER = a (in mnemonic)
			size: 1
			access: WRITE
		operands[1].type: INDEXED
			base register: x
			offset: -16
			offset bits: 5
			size: 1
			access: READ
	Registers read: cc x
	Registers modified: cc a

0x102F: A680       lda   ,x+
	op_count: 2
		operands[0].type: REGISTER = a (in mnemonic)
			size: 1
			access: WRITE
		operands[1].type: INDEXED
			base register: x
			post increment: 1
			size: 1
			access: READ
	Registers read: cc x
	Registers modified: cc a x

0x1031: A681       lda   ,x++
	op_count: 2
		operands[0].type: REGISTER = a (in mnemonic)
			size: 1
			access: WRITE
		operands[1].type: INDEXED
			base register: x
			post increment: 2
			size: 1
			access: READ
	Registers read: cc x
	Registers modified: cc a x

0x1033: A682       lda   ,-x
	op_count: 2
		operands[0].type: REGISTER = a (in mnemonic)
			size: 1
			access: WRITE
		operands[1].type: INDEXED
			base register: x
			pre decrement: 1
			size: 1
			access: READ
	Registers read: cc x
	Registers modified: cc a x

0x1035: A683       lda   ,--x
	op_count: 2
		operands[0].type: REGISTER = a (in mnemonic)
			size: 1
			access: WRITE
		operands[1].type: INDEXED
			base register: x
			pre decrement: 2
			size: 1
			access: READ
	Registers read: cc x
	Registers modified: cc a x

0x1037: A684       lda   ,x
	op_count: 2
		operands[0].type: REGISTER = a (in mnemonic)
			size: 1
			access: WRITE
		operands[1].type: INDEXED
			base register: x
			size: 1
			access: READ
	Registers read: cc x
	Registers modified: cc a

0x1039: A685       lda   b,x
	op_count: 2
		operands[0].type: REGISTER = a (in mnemonic)
			size: 1
			access: WRITE
		operands[1].type: INDEXED
			base register: x
			offset register: b
			size: 1
			access: READ
	Registers read: cc x b
	Registers modified: cc a

0x103B: A686       lda   a,x
	op_count: 2
		operands[0].type: REGISTER = a (in mnemonic)
			size: 1
			access: WRITE
		operands[1].type: INDEXED
			base register: x
			offset register: a
			size: 1
			access: READ
	Registers read: cc x a
	Registers modified: cc a

0x103D: A6887F     lda   127,x
	op_count: 2
		operands[0].type: REGISTER = a (in mnemonic)
			size: 1
			access: WRITE
		operands[1].type: INDEXED
			base register: x
			offset: 127
			offset bits: 8
			size: 1
			access: READ
	Registers read: cc x
	Registers modified: cc a

0x1040: A68880     lda   -128,x
	op_count: 2
		operands[0].type: REGISTER = a (in mnemonic)
			size: 1
			access: WRITE
		operands[1].type: INDEXED
			base register: x
			offset: -128
			offset bits: 8
			size: 1
			access: READ
	Registers read: cc x
	Registers modified: cc a

0x1043: A6897FFF   lda   32767,x
	op_count: 2
		operands[0].type: REGISTER = a (in mnemonic)
			size: 1
			access: WRITE
		operands[1].type: INDEXED
			base register: x
			offset: 32767
			offset bits: 16
			size: 1
			access: READ
	Registers read: cc x
	Registers modified: cc a

0x1047: A6898000   lda   -32768,x
	op_count: 2
		operands[0].type: REGISTER = a (in mnemonic)
			size: 1
			access: WRITE
		operands[1].type: INDEXED
			base register: x
			offset: -32768
			offset bits: 16
			size: 1
			access: READ
	Registers read: cc x
	Registers modified: cc a

0x104B: A68B       lda   d,x
	op_count: 2
		operands[0].type: REGISTER = a (in mnemonic)
			size: 1
			access: WRITE
		operands[1].type: INDEXED
			base register: x
			offset register: d
			size: 1
			access: READ
	Registers read: cc x d
	Registers modified: cc a

0x104D: A68C10     lda   $1050,pcR
	op_count: 2
		operands[0].type: REGISTER = a (in mnemonic)
			size: 1
			access: WRITE
		operands[1].type: INDEXED
			base register: pc
			offset: 16
			offset address: 0x1050
			offset bits: 8
			size: 1
			access: READ
	Registers read: cc pc
	Registers modified: cc a

0x1050: A68D1000   lda   $2054,pcR
	op_count: 2
		operands[0].type: REGISTER = a (in mnemonic)
			size: 1
			access: WRITE
		operands[1].type: INDEXED
			base register: pc
			offset: 4096
			offset address: 0x2054
			offset bits: 16
			size: 1
			access: READ
	Registers read: cc pc
	Registers modified: cc a

0x1054: A691       lda   [,x++]
	op_count: 2
		operands[0].type: REGISTER = a (in mnemonic)
			size: 1
			access: WRITE
		operands[1].type: INDEXED INDIRECT
			base register: x
			post increment: 2
			size: 1
			access: READ
	Registers read: cc x
	Registers modified: cc a x

0x1056: A693       lda   [,--x]
	op_count: 2
		operands[0].type: REGISTER = a (in mnemonic)
			size: 1
			access: WRITE
		operands[1].type: INDEXED INDIRECT
			base register: x
			pre decrement: 2
			size: 1
			access: READ
	Registers read: cc x
	Registers modified: cc a x

0x1058: A694       lda   [,x]
	op_count: 2
		operands[0].type: REGISTER = a (in mnemonic)
			size: 1
			access: WRITE
		operands[1].type: INDEXED INDIRECT
			base register: x
			size: 1
			access: READ
	Registers read: cc x
	Registers modified: cc a

0x105A: A695       lda   [b,x]
	op_count: 2
		operands[0].type: REGISTER = a (in mnemonic)
			size: 1
			access: WRITE
		operands[1].type: INDEXED INDIRECT
			base register: x
			offset register: b
			size: 1
			access: READ
	Registers read: cc x b
	Registers modified: cc a

0x105C: A696       lda   [a,x]
	op_count: 2
		operands[0].type: REGISTER = a (in mnemonic)
			size: 1
			access: WRITE
		operands[1].type: INDEXED INDIRECT
			base register: x
			offset register: a
			size: 1
			access: READ
	Registers read: cc x a
	Registers modified: cc a

0x105E: A6987F     lda   [127,x]
	op_count: 2
		operands[0].type: REGISTER = a (in mnemonic)
			size: 1
			access: WRITE
		operands[1].type: INDEXED INDIRECT
			base register: x
			offset: 127
			offset bits: 8
			size: 1
			access: READ
	Registers read: cc x
	Registers modified: cc a

0x1061: A69880     lda   [-128,x]
	op_count: 2
		operands[0].type: REGISTER = a (in mnemonic)
			size: 1
			access: WRITE
		operands[1].type: INDEXED INDIRECT
			base register: x
			offset: -128
			offset bits: 8
			size: 1
			access: READ
	Registers read: cc x
	Registers modified: cc a

0x1064: A6997FFF   lda   [32767,x]
	op_count: 2
		operands[0].type: REGISTER = a (in mnemonic)
			size: 1
			access: WRITE
		operands[1].type: INDEXED INDIRECT
			base register: x
			offset: 32767
			offset bits: 16
			size: 1
			access: READ
	Registers read: cc x
	Registers modified: cc a

0x1068: A6998000   lda   [-32768,x]
	op_count: 2
		operands[0].type: REGISTER = a (in mnemonic)
			size: 1
			access: WRITE
		operands[1].type: INDEXED INDIRECT
			base register: x
			offset: -32768
			offset bits: 16
			size: 1
			access: READ
	Registers read: cc x
	Registers modified: cc a

0x106C: A69B       lda   [d,x]
	op_count: 2
		operands[0].type: REGISTER = a (in mnemonic)
			size: 1
			access: WRITE
		operands[1].type: INDEXED INDIRECT
			base register: x
			offset register: d
			size: 1
			access: READ
	Registers read: cc x d
	Registers modified: cc a

0x106E: A69C10     lda   [$1071,pcR]
	op_count: 2
		operands[0].type: REGISTER = a (in mnemonic)
			size: 1
			access: WRITE
		operands[1].type: INDEXED INDIRECT
			base register: pc
			offset: 16
			offset address: 0x1071
			offset bits: 8
			size: 1
			access: READ
	Registers read: cc pc
	Registers modified: cc a

0x1071: A69D1000   lda   [$2075,pcR]
	op_count: 2
		operands[0].type: REGISTER = a (in mnemonic)
			size: 1
			access: WRITE
		operands[1].type: INDEXED INDIRECT
			base register: pc
			offset: 4096
			offset address: 0x2075
			offset bits: 16
			size: 1
			access: READ
	Registers read: cc pc
	Registers modified: cc a

0x1075: A69F1000   lda   [$1000]
	op_count: 2
		operands[0].type: REGISTER = a (in mnemonic)
			size: 1
			access: WRITE
		operands[1].type: EXTENDED INDIRECT = 0x1000
			size: 1
			access: READ
	Registers read: cc
	Registers modified: cc a

********************
Platform: M680X_M68HC11
Code: 0x02 0x03 0x12 0x7F 0x10 0x00 0x13 0x99 0x08 0x00 0x14 0x7F 0x02 0x15 0x7F 0x01 0x1E 0x7F 0x20 0x00 0x8F 0xCF 0x18 0x08 0x18 0x30 0x18 0x3C 0x18 0x67 0x18 0x8C 0x10 0x00 0x18 0x8F 0x18 0xCE 0x10 0x00 0x18 0xFF 0x10 0x00 0x1A 0xA3 0x7F 0x1A 0xAC 0x1A 0xEE 0x7F 0x1A 0xEF 0x7F 0xCD 0xAC 0x7F 
Disasm:
0x1000: 02         idiv  
	Registers read: cc d x
	Registers modified: cc d x

0x1001: 03         fdiv  
	Registers read: cc d x
	Registers modified: cc d x

0x1002: 127F1000   brset $7F,#16,$1006
	op_count: 3
		operands[0].type: DIRECT = 0x7F
			size: 1
			access: READ
		operands[1].type: IMMEDIATE = #16
			size: 1
			access: READ
		operands[2].type: RELATIVE = 0x1006
	Registers read: cc
	groups_count: 2

0x1006: 13990800   brclr $99,#8,$100A
	op_count: 3
		operands[0].type: DIRECT = 0x99
			size: 1
			access: READ
		operands[1].type: IMMEDIATE = #8
			size: 1
			access: READ
		operands[2].type: RELATIVE = 0x100A
	Registers read: cc
	groups_count: 2

0x100A: 147F02     bset  $7F,#2
	op_count: 2
		operands[0].type: DIRECT = 0x7F
			size: 1
			access: READ | WRITE
		operands[1].type: IMMEDIATE = #2
			size: 1
			access: READ
	Registers read: cc
	Registers modified: cc

0x100D: 157F01     bclr  $7F,#1
	op_count: 2
		operands[0].type: DIRECT = 0x7F
			size: 1
			access: READ | WRITE
		operands[1].type: IMMEDIATE = #1
			size: 1
			access: READ
	Registers read: cc
	Registers modified: cc

0x1010: 1E7F2000   brset 127,x;#32;$1014
	op_count: 3
		operands[0].type: INDEXED
			base register: x
			offset: 127
			offset bits: 8
			size: 1
			access: READ
		operands[1].type: IMMEDIATE = #32
			size: 1
			access: READ
		operands[2].type: RELATIVE = 0x1014
	Registers read: cc x
	groups_count: 2

0x1014: 8F         xgdx  
	op_count: 2
		operands[0].type: REGISTER = d (in mnemonic)
			size: 2
			access: READ | WRITE
		operands[1].type: REGISTER = x (in mnemonic)
			size: 2
			access: READ | WRITE
	Registers read: d x
	Registers modified: d x

0x1015: CF         stop  

0x1016: 1808       iny   
	op_count: 1
		operands[0].type: REGISTER = y (in mnemonic)
			size: 2
			access: READ | WRITE
	Registers read: cc y
	Registers modified: cc y

0x1018: 1830       tsy   
	op_count: 2
		operands[0].type: REGISTER = s (in mnemonic)
			size: 2
			access: READ
		operands[1].type: REGISTER = y (in mnemonic)
			size: 2
			access: WRITE
	Registers read: s
	Registers modified: y

0x101A: 183C       pshy  
	op_count: 1
		operands[0].type: REGISTER = y (in mnemonic)
			size: 2
			access: READ
	Registers read: y s
	Registers modified: s

0x101C: 186718     asr   24,y
	op_count: 1
		operands[0].type: INDEXED
			base register: y
			offset: 24
			offset bits: 8
			size: 1
			access: READ | WRITE
	Registers read: cc y
	Registers modified: cc

0x101F: 8C1000     cpx   #4096
	op_count: 2
		operands[0].type: REGISTER = x (in mnemonic)
			size: 2
			access: READ
		operands[1].type: IMMEDIATE = #4096
			size: 2
			access: READ
	Registers read: cc x
	Registers modified: cc

0x1022: 188F       xgdy  
	op_count: 2
		operands[0].type: REGISTER = d (in mnemonic)
			size: 2
			access: READ | WRITE
		operands[1].type: REGISTER = y (in mnemonic)
			size: 2
			access: READ | WRITE
	Registers read: d y
	Registers modified: d y

0x1024: 18CE1000   ldy   #4096
	op_count: 2
		operands[0].type: REGISTER = y (in mnemonic)
			size: 2
			access: WRITE
		operands[1].type: IMMEDIATE = #4096
			size: 2
			access: READ
	Registers read: cc
	Registers modified: cc y

0x1028: 18FF1000   sty   $1000
	op_count: 2
		operands[0].type: REGISTER = y (in mnemonic)
			size: 2
			access: READ
		operands[1].type: EXTENDED  = 0x1000
			size: 2
			access: WRITE
	Registers read: cc y
	Registers modified: cc

0x102C: 1AA37F     cpd   127,x
	op_count: 2
		operands[0].type: REGISTER = d (in mnemonic)
			size: 2
			access: READ
		operands[1].type: INDEXED
			base register: x
			offset: 127
			offset bits: 8
			size: 2
			access: READ
	Registers read: cc d x
	Registers modified: cc

0x102F: 1AAC1A     cpy   26,x
	op_count: 2
		operands[0].type: REGISTER = y (in mnemonic)
			size: 2
			access: READ
		operands[1].type: INDEXED
			base register: x
			offset: 26
			offset bits: 8
			size: 2
			access: READ
	Registers read: cc y x
	Registers modified: cc

0x1032: EE7F       ldx   127,x
	op_count: 2
		operands[0].type: REGISTER = x (in mnemonic)
			size: 2
			access: WRITE
		operands[1].type: INDEXED
			base register: x
			offset: 127
			offset bits: 8
			size: 2
			access: READ
	Registers read: cc x
	Registers modified: cc x

0x1034: 1AEF7F     sty   127,x
	op_count: 2
		operands[0].type: REGISTER = y (in mnemonic)
			size: 2
			access: READ
		operands[1].type: INDEXED
			base register: x
			offset: 127
			offset bits: 8
			size: 2
			access: WRITE
	Registers read: cc y x
	Registers modified: cc

0x1037: CDAC7F     cpx   127,y
	op_count: 2
		operands[0].type: REGISTER = x (in mnemonic)
			size: 2
			access: READ
		operands[1].type: INDEXED
			base register: y
			offset: 127
			offset bits: 8
			size: 2
			access: READ
	Registers read: cc x y
	Registers modified: cc

********************
Platform: M680X_CPU12
Code: 0x00 0x04 0x01 0x00 0x0C 0x00 0x80 0x0E 0x00 0x80 0x00 0x11 0x1E 0x10 0x00 0x80 0x00 0x3B 0x4A 0x10 0x00 0x04 0x4B 0x01 0x04 0x4F 0x7F 0x80 0x00 0x8F 0x10 0x00 0xB7 0x52 0xB7 0xB1 0xA6 0x67 0xA6 0xFE 0xA6 0xF7 0x18 0x02 0xE2 0x30 0x39 0xE2 0x10 0x00 0x18 0x0C 0x30 0x39 0x10 0x00 0x18 0x11 0x18 0x12 0x10 0x00 0x18 0x19 0x00 0x18 0x1E 0x00 0x18 0x3E 0x18 0x3F 0x00 
Disasm:
0x1000: 00         bgnd  

0x1001: 040100     dbeq  b,$1004
	op_count: 2
		operands[0].type: REGISTER = b
			size: 1
			access: READ | WRITE
		operands[1].type: RELATIVE = 0x1004
	Registers read: b
	Registers modified: b
	groups_count: 2

0x1004: 0C0080     bset  0,x;#-128
	op_count: 2
		operands[0].type: INDEXED
			base register: x
			offset: 0
			offset bits: 5
			size: 1
			access: READ | WRITE
		operands[1].type: IMMEDIATE = #-128
			size: 1
			access: READ
	Registers read: cc x
	Registers modified: cc

0x1007: 0E008000   brset 0,x;#-128;$100B
	op_count: 3
		operands[0].type: INDEXED
			base register: x
			offset: 0
			offset bits: 5
			size: 1
			access: READ
		operands[1].type: IMMEDIATE = #-128
			size: 1
			access: READ
		operands[2].type: RELATIVE = 0x100B
	Registers read: cc x
	groups_count: 2

0x100B: 11         ediv  
	Registers read: cc d y x
	Registers modified: cc d y

0x100C: 1E10008000 brset $1000,#-128,$1011
	op_count: 3
		operands[0].type: EXTENDED  = 0x1000
			size: 1
			access: READ
		operands[1].type: IMMEDIATE = #-128
			size: 1
			access: READ
		operands[2].type: RELATIVE = 0x1011
	Registers read: cc
	groups_count: 2

0x1011: 3B         pshd  
	op_count: 1
		operands[0].type: REGISTER = d (in mnemonic)
			size: 2
			access: READ
	Registers read: d s
	Registers modified: s

0x1012: 4A100004   call  $1000,4
	op_count: 2
		operands[0].type: EXTENDED  = 0x1000
			size: 1
		operands[1].type: CONSTANT = 4
	Registers read: s
	Registers modified: s
	groups_count: 1

0x1016: 4B0104     call  1,x;4
	op_count: 2
		operands[0].type: INDEXED
			base register: x
			offset: 1
			offset bits: 5
			size: 1
		operands[1].type: CONSTANT = 4
	Registers read: x s
	Registers modified: s
	groups_count: 1

0x1019: 4F7F8000   brclr $7F,#-128,$101D
	op_count: 3
		operands[0].type: DIRECT = 0x7F
			size: 1
			access: READ
		operands[1].type: IMMEDIATE = #-128
			size: 1
			access: READ
		operands[2].type: RELATIVE = 0x101D
	Registers read: cc
	groups_count: 2

0x101D: 8F1000     cps   #4096
	op_count: 2
		operands[0].type: REGISTER = s (in mnemonic)
			size: 2
			access: READ
		operands[1].type: IMMEDIATE = #4096
			size: 2
			access: READ
	Registers read: cc s
	Registers modified: cc

0x1020: B752       tfr   x,cc
	op_count: 2
		operands[0].type: REGISTER = x
			size: 2
			access: READ
		operands[1].type: REGISTER = cc
			size: 1
			access: WRITE
	Registers read: x
	Registers modified: cc

0x1022: B7B1       exg   tmp3,b
	op_count: 2
		operands[0].type: REGISTER = tmp3
			size: 2
			access: READ | WRITE
		operands[1].type: REGISTER = b
			size: 1
			access: READ | WRITE
	Registers read: tmp3 b
	Registers modified: tmp3 b

0x1024: A667       ldaa  8,+y
	op_count: 2
		operands[0].type: REGISTER = a (in mnemonic)
			size: 1
			access: WRITE
		operands[1].type: INDEXED
			base register: y
			pre increment: 8
			size: 1
			access: READ
	Registers read: cc y
	Registers modified: cc a y

0x1026: A6FE       ldaa  d,pc
	op_count: 2
		operands[0].type: REGISTER = a (in mnemonic)
			size: 1
			access: WRITE
		operands[1].type: INDEXED
			base register: pc
			offset register: d
			size: 1
			access: READ
	Registers read: cc pc d
	Registers modified: cc a

0x1028: A6F7       ldaa  [d,s]
	op_count: 2
		operands[0].type: REGISTER = a (in mnemonic)
			size: 1
			access: WRITE
		operands[1].type: INDEXED INDIRECT
			base register: s
			offset register: d
			size: 1
			access: READ
	Registers read: cc s d
	Registers modified: cc a

0x102A: 1802E23039E21000         movw  12345,x;4096,x
	op_count: 2
		operands[0].type: INDEXED
			base register: x
			offset: 12345
			offset bits: 16
			size: 2
			access: READ
		operands[1].type: INDEXED
			base register: x
			offset: 4096
			offset bits: 16
			size: 2
			access: WRITE
	Registers read: x

0x1032: 180C30391000         movb  $3039,$1000
	op_count: 2
		operands[0].type: EXTENDED  = 0x3039
			size: 1
			access: READ
		operands[1].type: EXTENDED  = 0x1000
			size: 1
			access: WRITE

0x1038: 1811       fdiv  
	Registers read: cc d x
	Registers modified: cc d x

0x103A: 18121000   emacs $1000
	op_count: 1
		operands[0].type: EXTENDED  = 0x1000
			size: 4
			access: READ | WRITE
	Registers read: cc x y
	Registers modified: cc x

0x103E: 181900     mina  0,x
	op_count: 2
		operands[0].type: REGISTER = a (in mnemonic)
			size: 1
			access: READ | WRITE
		operands[1].type: INDEXED
			base register: x
			offset: 0
			offset bits: 5
			size: 1
			access: READ
	Registers read: cc a x
	Registers modified: cc a

0x1041: 181E00     emaxm 0,x
	op_count: 1
		operands[0].type: INDEXED
			base register: x
			offset: 0
			offset bits: 5
			size: 1
			access: READ | WRITE
	Registers read: cc x d
	Registers modified: cc

0x1044: 183E       stop  

0x1046: 183F00     etbl  0,x
	op_count: 1
		operands[0].type: INDEXED
			base register: x
			offset: 0
			offset bits: 5
			size: 1
			access: READ
	Registers read: cc x b
	Registers modified: cc a b

********************
Platform: M680X_HCS08
Code: 0x32 0x10 0x00 0x9E 0xAE 0x9E 0xCE 0x7F 0x9E 0xBE 0x10 0x00 0x9E 0xFE 0x7F 0x3E 0x10 0x00 0x9E 0xF3 0x7F 0x96 0x10 0x00 0x9E 0xFF 0x7F 0x82 
Disasm:
0x1000: 321000     ldhx  $1000
	op_count: 2
		operands[0].type: REGISTER = hx (in mnemonic)
			size: 2
			access: WRITE
		operands[1].type: EXTENDED  = 0x1000
			size: 2
			access: READ
	Registers read: cc
	Registers modified: cc hx

0x1003: 9EAE       ldhx  ,x
	op_count: 2
		operands[0].type: REGISTER = hx (in mnemonic)
			size: 2
			access: WRITE
		operands[1].type: INDEXED
			base register: x
			size: 2
			access: READ
	Registers read: cc x h
	Registers modified: cc hx

0x1005: 9ECE7F     ldhx  127,x
	op_count: 2
		operands[0].type: REGISTER = hx (in mnemonic)
			size: 2
			access: WRITE
		operands[1].type: INDEXED
			base register: x
			offset: 127
			offset bits: 8
			size: 2
			access: READ
	Registers read: cc x h
	Registers modified: cc hx

0x1008: 9EBE1000   ldhx  4096,x
	op_count: 2
		operands[0].type: REGISTER = hx (in mnemonic)
			size: 2
			access: WRITE
		operands[1].type: INDEXED
			base register: x
			offset: 4096
			offset bits: 16
			size: 2
			access: READ
	Registers read: cc x h
	Registers modified: cc hx

0x100C: 9EFE7F     ldhx  127,s
	op_count: 2
		operands[0].type: REGISTER = hx (in mnemonic)
			size: 2
			access: WRITE
		operands[1].type: INDEXED
			base register: s
			offset: 127
			offset bits: 8
			size: 2
			access: READ
	Registers read: cc s
	Registers modified: cc hx

0x100F: 3E1000     cphx  $1000
	op_count: 2
		operands[0].type: REGISTER = hx (in mnemonic)
			size: 2
			access: READ
		operands[1].type: EXTENDED  = 0x1000
			size: 2
			access: READ
	Registers read: cc hx
	Registers modified: cc

0x1012: 9EF37F     cphx  127,s
	op_count: 2
		operands[0].type: REGISTER = hx (in mnemonic)
			size: 2
			access: READ
		operands[1].type: INDEXED
			base register: s
			offset: 127
			offset bits: 8
			size: 2
			access: READ
	Registers read: cc hx s
	Registers modified: cc

0x1015: 961000     sthx  $1000
	op_count: 2
		operands[0].type: REGISTER = hx (in mnemonic)
			size: 2
			access: READ
		operands[1].type: EXTENDED  = 0x1000
			size: 2
			access: WRITE
	Registers read: cc hx
	Registers modified: cc

0x1018: 9EFF7F     sthx  127,s
	op_count: 2
		operands[0].type: REGISTER = hx (in mnemonic)
			size: 2
			access: READ
		operands[1].type: INDEXED
			base register: s
			offset: 127
			offset bits: 8
			size: 2
			access: WRITE
	Registers read: cc hx s
	Registers modified: cc

0x101B: 82         bgnd  

